Archive member included to satisfy reference by file (symbol)

C:/ST/STM32CubeIDE_1.13.2/STM32CubeIDE/plugins/com.st.stm32cube.ide.mcu.externaltools.gnu-tools-for-stm32.11.3.rel1.win32_1.1.1.202309131626/tools/bin/../lib/gcc/arm-none-eabi/11.3.1/../../../../arm-none-eabi/lib/thumb/v7e-m+fp/hard\libc_nano.a(libc_a-exit.o)
                              C:/ST/STM32CubeIDE_1.13.2/STM32CubeIDE/plugins/com.st.stm32cube.ide.mcu.externaltools.gnu-tools-for-stm32.11.3.rel1.win32_1.1.1.202309131626/tools/bin/../lib/gcc/arm-none-eabi/11.3.1/../../../../arm-none-eabi/lib/thumb/v7e-m+fp/hard/crt0.o (exit)
C:/ST/STM32CubeIDE_1.13.2/STM32CubeIDE/plugins/com.st.stm32cube.ide.mcu.externaltools.gnu-tools-for-stm32.11.3.rel1.win32_1.1.1.202309131626/tools/bin/../lib/gcc/arm-none-eabi/11.3.1/../../../../arm-none-eabi/lib/thumb/v7e-m+fp/hard\libc_nano.a(libc_a-findfp.o)
                              C:/ST/STM32CubeIDE_1.13.2/STM32CubeIDE/plugins/com.st.stm32cube.ide.mcu.externaltools.gnu-tools-for-stm32.11.3.rel1.win32_1.1.1.202309131626/tools/bin/../lib/gcc/arm-none-eabi/11.3.1/../../../../arm-none-eabi/lib/thumb/v7e-m+fp/hard\libc_nano.a(libc_a-exit.o) (__stdio_exit_handler)
C:/ST/STM32CubeIDE_1.13.2/STM32CubeIDE/plugins/com.st.stm32cube.ide.mcu.externaltools.gnu-tools-for-stm32.11.3.rel1.win32_1.1.1.202309131626/tools/bin/../lib/gcc/arm-none-eabi/11.3.1/../../../../arm-none-eabi/lib/thumb/v7e-m+fp/hard\libc_nano.a(libc_a-fwalk.o)
                              C:/ST/STM32CubeIDE_1.13.2/STM32CubeIDE/plugins/com.st.stm32cube.ide.mcu.externaltools.gnu-tools-for-stm32.11.3.rel1.win32_1.1.1.202309131626/tools/bin/../lib/gcc/arm-none-eabi/11.3.1/../../../../arm-none-eabi/lib/thumb/v7e-m+fp/hard\libc_nano.a(libc_a-findfp.o) (_fwalk_sglue)
C:/ST/STM32CubeIDE_1.13.2/STM32CubeIDE/plugins/com.st.stm32cube.ide.mcu.externaltools.gnu-tools-for-stm32.11.3.rel1.win32_1.1.1.202309131626/tools/bin/../lib/gcc/arm-none-eabi/11.3.1/../../../../arm-none-eabi/lib/thumb/v7e-m+fp/hard\libc_nano.a(libc_a-stdio.o)
                              C:/ST/STM32CubeIDE_1.13.2/STM32CubeIDE/plugins/com.st.stm32cube.ide.mcu.externaltools.gnu-tools-for-stm32.11.3.rel1.win32_1.1.1.202309131626/tools/bin/../lib/gcc/arm-none-eabi/11.3.1/../../../../arm-none-eabi/lib/thumb/v7e-m+fp/hard\libc_nano.a(libc_a-findfp.o) (__sread)
C:/ST/STM32CubeIDE_1.13.2/STM32CubeIDE/plugins/com.st.stm32cube.ide.mcu.externaltools.gnu-tools-for-stm32.11.3.rel1.win32_1.1.1.202309131626/tools/bin/../lib/gcc/arm-none-eabi/11.3.1/../../../../arm-none-eabi/lib/thumb/v7e-m+fp/hard\libc_nano.a(libc_a-memset.o)
                              C:/ST/STM32CubeIDE_1.13.2/STM32CubeIDE/plugins/com.st.stm32cube.ide.mcu.externaltools.gnu-tools-for-stm32.11.3.rel1.win32_1.1.1.202309131626/tools/bin/../lib/gcc/arm-none-eabi/11.3.1/../../../../arm-none-eabi/lib/thumb/v7e-m+fp/hard/crt0.o (memset)
C:/ST/STM32CubeIDE_1.13.2/STM32CubeIDE/plugins/com.st.stm32cube.ide.mcu.externaltools.gnu-tools-for-stm32.11.3.rel1.win32_1.1.1.202309131626/tools/bin/../lib/gcc/arm-none-eabi/11.3.1/../../../../arm-none-eabi/lib/thumb/v7e-m+fp/hard\libc_nano.a(libc_a-closer.o)
                              C:/ST/STM32CubeIDE_1.13.2/STM32CubeIDE/plugins/com.st.stm32cube.ide.mcu.externaltools.gnu-tools-for-stm32.11.3.rel1.win32_1.1.1.202309131626/tools/bin/../lib/gcc/arm-none-eabi/11.3.1/../../../../arm-none-eabi/lib/thumb/v7e-m+fp/hard\libc_nano.a(libc_a-stdio.o) (_close_r)
C:/ST/STM32CubeIDE_1.13.2/STM32CubeIDE/plugins/com.st.stm32cube.ide.mcu.externaltools.gnu-tools-for-stm32.11.3.rel1.win32_1.1.1.202309131626/tools/bin/../lib/gcc/arm-none-eabi/11.3.1/../../../../arm-none-eabi/lib/thumb/v7e-m+fp/hard\libc_nano.a(libc_a-reent.o)
                              C:/ST/STM32CubeIDE_1.13.2/STM32CubeIDE/plugins/com.st.stm32cube.ide.mcu.externaltools.gnu-tools-for-stm32.11.3.rel1.win32_1.1.1.202309131626/tools/bin/../lib/gcc/arm-none-eabi/11.3.1/../../../../arm-none-eabi/lib/thumb/v7e-m+fp/hard\libc_nano.a(libc_a-closer.o) (errno)
C:/ST/STM32CubeIDE_1.13.2/STM32CubeIDE/plugins/com.st.stm32cube.ide.mcu.externaltools.gnu-tools-for-stm32.11.3.rel1.win32_1.1.1.202309131626/tools/bin/../lib/gcc/arm-none-eabi/11.3.1/../../../../arm-none-eabi/lib/thumb/v7e-m+fp/hard\libc_nano.a(libc_a-impure.o)
                              C:/ST/STM32CubeIDE_1.13.2/STM32CubeIDE/plugins/com.st.stm32cube.ide.mcu.externaltools.gnu-tools-for-stm32.11.3.rel1.win32_1.1.1.202309131626/tools/bin/../lib/gcc/arm-none-eabi/11.3.1/../../../../arm-none-eabi/lib/thumb/v7e-m+fp/hard\libc_nano.a(libc_a-reent.o) (_impure_ptr)
C:/ST/STM32CubeIDE_1.13.2/STM32CubeIDE/plugins/com.st.stm32cube.ide.mcu.externaltools.gnu-tools-for-stm32.11.3.rel1.win32_1.1.1.202309131626/tools/bin/../lib/gcc/arm-none-eabi/11.3.1/../../../../arm-none-eabi/lib/thumb/v7e-m+fp/hard\libc_nano.a(libc_a-lseekr.o)
[...]
Memory Configuration

Name             Origin             Length             Attributes
CCMRAM           0x0000000010000000 0x0000000000001000 xrw
RAM              0x0000000020000000 0x0000000000003000 xrw
FLASH            0x0000000008000000 0x0000000000010000 xr
*default*        0x0000000000000000 0xffffffffffffffff

Linker script and memory map

LOAD C:/ST/STM32CubeIDE_1.13.2/STM32CubeIDE/plugins/com.st.stm32cube.ide.mcu.externaltools.gnu-tools-for-stm32.11.3.rel1.win32_1.1.1.202309131626/tools/bin/../lib/gcc/arm-none-eabi/11.3.1/thumb/v7e-m+fp/hard/crti.o
LOAD C:/ST/STM32CubeIDE_1.13.2/STM32CubeIDE/plugins/com.st.stm32cube.ide.mcu.externaltools.gnu-tools-for-stm32.11.3.rel1.win32_1.1.1.202309131626/tools/bin/../lib/gcc/arm-none-eabi/11.3.1/thumb/v7e-m+fp/hard/crtbegin.o
LOAD C:/ST/STM32CubeIDE_1.13.2/STM32CubeIDE/plugins/com.st.stm32cube.ide.mcu.externaltools.gnu-tools-for-stm32.11.3.rel1.win32_1.1.1.202309131626/tools/bin/../lib/gcc/arm-none-eabi/11.3.1/../../../../arm-none-eabi/lib/thumb/v7e-m+fp/hard/crt0.o
LOAD ./Core/Src/dma.o
LOAD ./Core/Src/gpio.o
LOAD ./Core/Src/i2c.o
LOAD ./Core/Src/main.o
LOAD ./Core/Src/stm32f3xx_hal_msp.o
LOAD ./Core/Src/stm32f3xx_it.o
LOAD ./Core/Src/syscalls.o
LOAD ./Core/Src/sysmem.o
LOAD ./Core/Src/system_stm32f3xx.o
LOAD ./Core/Src/usart.o
LOAD ./Core/Startup/startup_stm32f303k8tx.o
LOAD ./Drivers/STM32F3xx_HAL_Driver/Src/stm32f3xx_hal.o
LOAD ./Drivers/STM32F3xx_HAL_Driver/Src/stm32f3xx_hal_cortex.o
LOAD ./Drivers/STM32F3xx_HAL_Driver/Src/stm32f3xx_hal_dma.o
LOAD ./Drivers/STM32F3xx_HAL_Driver/Src/stm32f3xx_hal_exti.o
LOAD ./Drivers/STM32F3xx_HAL_Driver/Src/stm32f3xx_hal_flash.o
LOAD ./Drivers/STM32F3xx_HAL_Driver/Src/stm32f3xx_hal_flash_ex.o
LOAD ./Drivers/STM32F3xx_HAL_Driver/Src/stm32f3xx_hal_gpio.o
LOAD ./Drivers/STM32F3xx_HAL_Driver/Src/stm32f3xx_hal_i2c.o
LOAD ./Drivers/STM32F3xx_HAL_Driver/Src/stm32f3xx_hal_i2c_ex.o
LOAD ./Drivers/STM32F3xx_HAL_Driver/Src/stm32f3xx_hal_pwr.o
LOAD ./Drivers/STM32F3xx_HAL_Driver/Src/stm32f3xx_hal_pwr_ex.o
LOAD ./Drivers/STM32F3xx_HAL_Driver/Src/stm32f3xx_hal_rcc.o
LOAD ./Drivers/STM32F3xx_HAL_Driver/Src/stm32f3xx_hal_rcc_ex.o
LOAD ./Drivers/STM32F3xx_HAL_Driver/Src/stm32f3xx_hal_tim.o
LOAD ./Drivers/STM32F3xx_HAL_Driver/Src/stm32f3xx_hal_tim_ex.o
LOAD ./Drivers/STM32F3xx_HAL_Driver/Src/stm32f3xx_ll_dma.o
LOAD ./Drivers/STM32F3xx_HAL_Driver/Src/stm32f3xx_ll_exti.o
LOAD ./Drivers/STM32F3xx_HAL_Driver/Src/stm32f3xx_ll_gpio.o
LOAD ./Drivers/STM32F3xx_HAL_Driver/Src/stm32f3xx_ll_i2c.o
LOAD ./Drivers/STM32F3xx_HAL_Driver/Src/stm32f3xx_ll_rcc.o
LOAD ./Drivers/STM32F3xx_HAL_Driver/Src/stm32f3xx_ll_usart.o
LOAD ./Drivers/STM32F3xx_HAL_Driver/Src/stm32f3xx_ll_utils.o
START GROUP
LOAD C:/ST/STM32CubeIDE_1.13.2/STM32CubeIDE/plugins/com.st.stm32cube.ide.mcu.externaltools.gnu-tools-for-stm32.11.3.rel1.win32_1.1.1.202309131626/tools/bin/../lib/gcc/arm-none-eabi/11.3.1/../../../../arm-none-eabi/lib/thumb/v7e-m+fp/hard\libc_nano.a
LOAD C:/ST/STM32CubeIDE_1.13.2/STM32CubeIDE/plugins/com.st.stm32cube.ide.mcu.externaltools.gnu-tools-for-stm32.11.3.rel1.win32_1.1.1.202309131626/tools/bin/../lib/gcc/arm-none-eabi/11.3.1/../../../../arm-none-eabi/lib/thumb/v7e-m+fp/hard\libm.a
END GROUP
START GROUP
LOAD C:/ST/STM32CubeIDE_1.13.2/STM32CubeIDE/plugins/com.st.stm32cube.ide.mcu.externaltools.gnu-tools-for-stm32.11.3.rel1.win32_1.1.1.202309131626/tools/bin/../lib/gcc/arm-none-eabi/11.3.1/thumb/v7e-m+fp/hard\libgcc.a
LOAD C:/ST/STM32CubeIDE_1.13.2/STM32CubeIDE/plugins/com.st.stm32cube.ide.mcu.externaltools.gnu-tools-for-stm32.11.3.rel1.win32_1.1.1.202309131626/tools/bin/../lib/gcc/arm-none-eabi/11.3.1/../../../../arm-none-eabi/lib/thumb/v7e-m+fp/hard\libc_nano.a
END GROUP
START GROUP
LOAD C:/ST/STM32CubeIDE_1.13.2/STM32CubeIDE/plugins/com.st.stm32cube.ide.mcu.externaltools.gnu-tools-for-stm32.11.3.rel1.win32_1.1.1.202309131626/tools/bin/../lib/gcc/arm-none-eabi/11.3.1/thumb/v7e-m+fp/hard\libgcc.a
LOAD C:/ST/STM32CubeIDE_1.13.2/STM32CubeIDE/plugins/com.st.stm32cube.ide.mcu.externaltools.gnu-tools-for-stm32.11.3.rel1.win32_1.1.1.202309131626/tools/bin/../lib/gcc/arm-none-eabi/11.3.1/../../../../arm-none-eabi/lib/thumb/v7e-m+fp/hard\libc_nano.a
LOAD C:/ST/STM32CubeIDE_1.13.2/STM32CubeIDE/plugins/com.st.stm32cube.ide.mcu.externaltools.gnu-tools-for-stm32.11.3.rel1.win32_1.1.1.202309131626/tools/bin/../lib/gcc/arm-none-eabi/11.3.1/../../../../arm-none-eabi/lib/thumb/v7e-m+fp/hard\libnosys.a
END GROUP
START GROUP
LOAD C:/ST/STM32CubeIDE_1.13.2/STM32CubeIDE/plugins/com.st.stm32cube.ide.mcu.externaltools.gnu-tools-for-stm32.11.3.rel1.win32_1.1.1.202309131626/tools/bin/../lib/gcc/arm-none-eabi/11.3.1/thumb/v7e-m+fp/hard\libgcc.a
LOAD C:/ST/STM32CubeIDE_1.13.2/STM32CubeIDE/plugins/com.st.stm32cube.ide.mcu.externaltools.gnu-tools-for-stm32.11.3.rel1.win32_1.1.1.202309131626/tools/bin/../lib/gcc/arm-none-eabi/11.3.1/../../../../arm-none-eabi/lib/thumb/v7e-m+fp/hard\libc_nano.a
LOAD C:/ST/STM32CubeIDE_1.13.2/STM32CubeIDE/plugins/com.st.stm32cube.ide.mcu.externaltools.gnu-tools-for-stm32.11.3.rel1.win32_1.1.1.202309131626/tools/bin/../lib/gcc/arm-none-eabi/11.3.1/../../../../arm-none-eabi/lib/thumb/v7e-m+fp/hard\libnosys.a
END GROUP
LOAD C:/ST/STM32CubeIDE_1.13.2/STM32CubeIDE/plugins/com.st.stm32cube.ide.mcu.externaltools.gnu-tools-for-stm32.11.3.rel1.win32_1.1.1.202309131626/tools/bin/../lib/gcc/arm-none-eabi/11.3.1/thumb/v7e-m+fp/hard/crtend.o
LOAD C:/ST/STM32CubeIDE_1.13.2/STM32CubeIDE/plugins/com.st.stm32cube.ide.mcu.externaltools.gnu-tools-for-stm32.11.3.rel1.win32_1.1.1.202309131626/tools/bin/../lib/gcc/arm-none-eabi/11.3.1/thumb/v7e-m+fp/hard/crtn.o
                0x0000000020003000                _estack = (ORIGIN (RAM) + LENGTH (RAM))
                0x0000000000000200                _Min_Heap_Size = 0x200
                0x0000000000000400                _Min_Stack_Size = 0x400

.isr_vector     0x0000000008000000      0x188
                0x0000000008000000                . = ALIGN (0x4)
 *(.isr_vector)
 .isr_vector    0x0000000008000000      0x188 ./Core/Startup/startup_stm32f303k8tx.o
                0x0000000008000000                g_pfnVectors
                0x0000000008000188                . = ALIGN (0x4)

.text           0x0000000008000188     0x118c
                0x0000000008000188                . = ALIGN (0x4)
 *(.text)
 .text          0x0000000008000188       0x40 C:/ST/STM32CubeIDE_1.13.2/STM32CubeIDE/plugins/com.st.stm32cube.ide.mcu.externaltools.gnu-tools-for-stm32.11.3.rel1.win32_1.1.1.202309131626/tools/bin/../lib/gcc/arm-none-eabi/11.3.1/thumb/v7e-m+fp/hard/crtbegin.o
 *(.text*)
 .text.LL_AHB1_GRP1_EnableClock
                0x00000000080001c8       0x30 ./Core/Src/gpio.o
 .text.LL_GPIO_SetPinMode
                0x00000000080001f8       0x5e ./Core/Src/gpio.o
 .text.LL_GPIO_SetOutputPin
                0x0000000008000256       0x1c ./Core/Src/gpio.o
 *fill*         0x0000000008000272        0x2 
 .text.MX_GPIO_Init
                0x0000000008000274       0x28 ./Core/Src/gpio.o
                0x0000000008000274                MX_GPIO_Init
 .text.__NVIC_GetPriorityGrouping
                0x000000000800029c       0x1c ./Core/Src/i2c.o
 .text.__NVIC_EnableIRQ
                0x00000000080002b8       0x3c ./Core/Src/i2c.o
 .text.__NVIC_SetPriority
                0x00000000080002f4       0x54 ./Core/Src/i2c.o
 .text.NVIC_EncodePriority
                0x0000000008000348       0x66 ./Core/Src/i2c.o
 .text.LL_I2C_Enable
                0x00000000080003ae       0x20 ./Core/Src/i2c.o
 .text.LL_I2C_EnableClockStretching
                0x00000000080003ce       0x20 ./Core/Src/i2c.o
 .text.LL_I2C_DisableGeneralCall
                0x00000000080003ee       0x20 ./Core/Src/i2c.o
 .text.LL_I2C_SetOwnAddress2
                0x000000000800040e       0x30 ./Core/Src/i2c.o
 .text.LL_I2C_DisableOwnAddress2
                0x000000000800043e       0x20 ./Core/Src/i2c.o
 .text.LL_I2C_EnableIT_RX
                0x000000000800045e       0x20 ./Core/Src/i2c.o
 .text.LL_I2C_DisableIT_RX
                0x000000000800047e       0x20 ./Core/Src/i2c.o
 .text.LL_I2C_IsActiveFlag_TXIS
                0x000000000800049e       0x26 ./Core/Src/i2c.o
 .text.LL_I2C_IsActiveFlag_RXNE
                0x00000000080004c4       0x26 ./Core/Src/i2c.o
 .text.LL_I2C_IsActiveFlag_STOP
                0x00000000080004ea       0x26 ./Core/Src/i2c.o
 .text.LL_I2C_ClearFlag_NACK
                0x0000000008000510       0x20 ./Core/Src/i2c.o
 .text.LL_I2C_ClearFlag_STOP
                0x0000000008000530       0x20 ./Core/Src/i2c.o
 .text.LL_I2C_EnableAutoEndMode
                0x0000000008000550       0x20 ./Core/Src/i2c.o
 .text.LL_I2C_HandleTransfer
                0x0000000008000570       0x4c ./Core/Src/i2c.o
 .text.LL_I2C_ReceiveData8
                0x00000000080005bc       0x1a ./Core/Src/i2c.o
 .text.LL_I2C_TransmitData8
                0x00000000080005d6       0x1e ./Core/Src/i2c.o
 .text.LL_AHB1_GRP1_EnableClock
                0x00000000080005f4       0x30 ./Core/Src/i2c.o
 .text.LL_APB1_GRP1_EnableClock
                0x0000000008000624       0x30 ./Core/Src/i2c.o
 .text.MX_I2C1_Init
                0x0000000008000654       0xe0 ./Core/Src/i2c.o
                0x0000000008000654                MX_I2C1_Init
 .text.i2c_master_read_byte
                0x0000000008000734       0xb8 ./Core/Src/i2c.o
                0x0000000008000734                i2c_master_read_byte
 .text.I2C1_EV_IRQHandler
                0x00000000080007ec       0x2c ./Core/Src/i2c.o
                0x00000000080007ec                I2C1_EV_IRQHandler
 .text.__NVIC_SetPriorityGrouping
                0x0000000008000818       0x48 ./Core/Src/main.o
 .text.LL_RCC_HSI_Enable
                0x0000000008000860       0x20 ./Core/Src/main.o
 .text.LL_RCC_HSI_IsReady
                0x0000000008000880       0x24 ./Core/Src/main.o
 .text.LL_RCC_HSI_SetCalibTrimming
                0x00000000080008a4       0x2c ./Core/Src/main.o
 .text.LL_RCC_SetSysClkSource
                0x00000000080008d0       0x28 ./Core/Src/main.o
 .text.LL_RCC_GetSysClkSource
                0x00000000080008f8       0x1c ./Core/Src/main.o
 .text.LL_RCC_SetAHBPrescaler
                0x0000000008000914       0x28 ./Core/Src/main.o
 .text.LL_RCC_SetAPB1Prescaler
                0x000000000800093c       0x28 ./Core/Src/main.o
 .text.LL_RCC_SetAPB2Prescaler
                0x0000000008000964       0x28 ./Core/Src/main.o
 .text.LL_RCC_SetI2CClockSource
                0x000000000800098c       0x30 ./Core/Src/main.o
 .text.LL_APB1_GRP1_EnableClock
                0x00000000080009bc       0x30 ./Core/Src/main.o
 .text.LL_APB2_GRP1_EnableClock
                0x00000000080009ec       0x30 ./Core/Src/main.o
 .text.LL_FLASH_SetLatency
                0x0000000008000a1c       0x28 ./Core/Src/main.o
 .text.LL_FLASH_GetLatency
                0x0000000008000a44       0x1c ./Core/Src/main.o
 .text.LL_SYSTICK_SetClkSource
                0x0000000008000a60       0x38 ./Core/Src/main.o
 .text.LL_GPIO_TogglePin
                0x0000000008000a98       0x32 ./Core/Src/main.o
 *fill*         0x0000000008000aca        0x2 
 .text.main     0x0000000008000acc       0x48 ./Core/Src/main.o
                0x0000000008000acc                main
 .text.SystemClock_Config
                0x0000000008000b14       0x74 ./Core/Src/main.o
                0x0000000008000b14                SystemClock_Config
 .text.Error_Handler
                0x0000000008000b88        0xe ./Core/Src/main.o
                0x0000000008000b88                Error_Handler
 *fill*         0x0000000008000b96        0x2 
 .text.LL_DMA_DisableChannel
                0x0000000008000b98       0x40 ./Core/Src/stm32f3xx_it.o
 .text.LL_DMA_IsActiveFlag_TC7
                0x0000000008000bd8       0x28 ./Core/Src/stm32f3xx_it.o
 .text.LL_DMA_ClearFlag_TC7
                0x0000000008000c00       0x1c ./Core/Src/stm32f3xx_it.o
 .text.LL_USART_IsActiveFlag_TC
                0x0000000008000c1c       0x26 ./Core/Src/stm32f3xx_it.o
 .text.NMI_Handler
                0x0000000008000c42        0xe ./Core/Src/stm32f3xx_it.o
                0x0000000008000c42                NMI_Handler
 .text.HardFault_Handler
                0x0000000008000c50        0x6 ./Core/Src/stm32f3xx_it.o
                0x0000000008000c50                HardFault_Handler
 .text.MemManage_Handler
                0x0000000008000c56        0x6 ./Core/Src/stm32f3xx_it.o
                0x0000000008000c56                MemManage_Handler
 .text.BusFault_Handler
                0x0000000008000c5c        0x6 ./Core/Src/stm32f3xx_it.o
                0x0000000008000c5c                BusFault_Handler
 .text.UsageFault_Handler
                0x0000000008000c62        0x6 ./Core/Src/stm32f3xx_it.o
                0x0000000008000c62                UsageFault_Handler
 .text.SVC_Handler
                0x0000000008000c68        0xe ./Core/Src/stm32f3xx_it.o
                0x0000000008000c68                SVC_Handler
 .text.DebugMon_Handler
                0x0000000008000c76        0xe ./Core/Src/stm32f3xx_it.o
                0x0000000008000c76                DebugMon_Handler
 .text.PendSV_Handler
                0x0000000008000c84        0xe ./Core/Src/stm32f3xx_it.o
                0x0000000008000c84                PendSV_Handler
 .text.SysTick_Handler
                0x0000000008000c92        0xe ./Core/Src/stm32f3xx_it.o
                0x0000000008000c92                SysTick_Handler
 .text.DMA1_Channel7_IRQHandler
                0x0000000008000ca0       0x38 ./Core/Src/stm32f3xx_it.o
                0x0000000008000ca0                DMA1_Channel7_IRQHandler
 .text.SystemInit
                0x0000000008000cd8       0x24 ./Core/Src/system_stm32f3xx.o
                0x0000000008000cd8                SystemInit
 .text.Reset_Handler
                0x0000000008000cfc       0x50 ./Core/Startup/startup_stm32f303k8tx.o
                0x0000000008000cfc                Reset_Handler
 .text.Default_Handler
                0x0000000008000d4c        0x2 ./Core/Startup/startup_stm32f303k8tx.o
                0x0000000008000d4c                RTC_Alarm_IRQHandler
                0x0000000008000d4c                TIM1_CC_IRQHandler
                0x0000000008000d4c                PVD_IRQHandler
                0x0000000008000d4c                TAMP_STAMP_IRQHandler
                0x0000000008000d4c                EXTI3_IRQHandler
                0x0000000008000d4c                EXTI0_IRQHandler
                0x0000000008000d4c                FPU_IRQHandler
                0x0000000008000d4c                CAN_TX_IRQHandler
                0x0000000008000d4c                TIM1_UP_TIM16_IRQHandler
                0x0000000008000d4c                ADC1_2_IRQHandler
                0x0000000008000d4c                SPI1_IRQHandler
                0x0000000008000d4c                CAN_SCE_IRQHandler
                0x0000000008000d4c                DMA1_Channel4_IRQHandler
                0x0000000008000d4c                USART3_IRQHandler
                0x0000000008000d4c                TIM7_DAC2_IRQHandler
                0x0000000008000d4c                CAN_RX1_IRQHandler
                0x0000000008000d4c                DMA1_Channel6_IRQHandler
                0x0000000008000d4c                TIM3_IRQHandler
                0x0000000008000d4c                RCC_IRQHandler
                0x0000000008000d4c                DMA1_Channel1_IRQHandler
                0x0000000008000d4c                Default_Handler
                0x0000000008000d4c                EXTI15_10_IRQHandler
                0x0000000008000d4c                COMP2_IRQHandler
                0x0000000008000d4c                TIM6_DAC1_IRQHandler
                0x0000000008000d4c                EXTI9_5_IRQHandler
                0x0000000008000d4c                RTC_WKUP_IRQHandler
                0x0000000008000d4c                DMA1_Channel5_IRQHandler
                0x0000000008000d4c                EXTI4_IRQHandler
                0x0000000008000d4c                TIM1_TRG_COM_TIM17_IRQHandler
                0x0000000008000d4c                DMA1_Channel3_IRQHandler
                0x0000000008000d4c                WWDG_IRQHandler
                0x0000000008000d4c                TIM2_IRQHandler
                0x0000000008000d4c                EXTI1_IRQHandler
                0x0000000008000d4c                COMP4_6_IRQHandler
                0x0000000008000d4c                USART2_IRQHandler
                0x0000000008000d4c                DMA1_Channel2_IRQHandler
                0x0000000008000d4c                FLASH_IRQHandler
                0x0000000008000d4c                USART1_IRQHandler
                0x0000000008000d4c                CAN_RX0_IRQHandler
                0x0000000008000d4c                I2C1_ER_IRQHandler
                0x0000000008000d4c                EXTI2_TSC_IRQHandler
                0x0000000008000d4c                TIM1_BRK_TIM15_IRQHandler
 .text.LL_GPIO_SetPinMode
                0x0000000008000d4e       0x5e ./Drivers/STM32F3xx_HAL_Driver/Src/stm32f3xx_ll_gpio.o
 .text.LL_GPIO_SetPinOutputType
                0x0000000008000dac       0x30 ./Drivers/STM32F3xx_HAL_Driver/Src/stm32f3xx_ll_gpio.o
 .text.LL_GPIO_SetPinSpeed
                0x0000000008000ddc       0x5e ./Drivers/STM32F3xx_HAL_Driver/Src/stm32f3xx_ll_gpio.o
 .text.LL_GPIO_SetPinPull
                0x0000000008000e3a       0x5e ./Drivers/STM32F3xx_HAL_Driver/Src/stm32f3xx_ll_gpio.o
 .text.LL_GPIO_SetAFPin_0_7
                0x0000000008000e98       0x5e ./Drivers/STM32F3xx_HAL_Driver/Src/stm32f3xx_ll_gpio.o
 .text.LL_GPIO_SetAFPin_8_15
                0x0000000008000ef6       0x62 ./Drivers/STM32F3xx_HAL_Driver/Src/stm32f3xx_ll_gpio.o
 .text.LL_GPIO_Init
                0x0000000008000f58       0xe0 ./Drivers/STM32F3xx_HAL_Driver/Src/stm32f3xx_ll_gpio.o
                0x0000000008000f58                LL_GPIO_Init
 .text.LL_I2C_Enable
                0x0000000008001038       0x20 ./Drivers/STM32F3xx_HAL_Driver/Src/stm32f3xx_ll_i2c.o
 .text.LL_I2C_Disable
                0x0000000008001058       0x20 ./Drivers/STM32F3xx_HAL_Driver/Src/stm32f3xx_ll_i2c.o
 .text.LL_I2C_ConfigFilters
                0x0000000008001078       0x2e ./Drivers/STM32F3xx_HAL_Driver/Src/stm32f3xx_ll_i2c.o
 .text.LL_I2C_SetOwnAddress1
                0x00000000080010a6       0x30 ./Drivers/STM32F3xx_HAL_Driver/Src/stm32f3xx_ll_i2c.o
 .text.LL_I2C_EnableOwnAddress1
                0x00000000080010d6       0x20 ./Drivers/STM32F3xx_HAL_Driver/Src/stm32f3xx_ll_i2c.o
 .text.LL_I2C_DisableOwnAddress1
                0x00000000080010f6       0x20 ./Drivers/STM32F3xx_HAL_Driver/Src/stm32f3xx_ll_i2c.o
 .text.LL_I2C_SetTiming
                0x0000000008001116       0x1c ./Drivers/STM32F3xx_HAL_Driver/Src/stm32f3xx_ll_i2c.o
 .text.LL_I2C_SetMode
                0x0000000008001132       0x26 ./Drivers/STM32F3xx_HAL_Driver/Src/stm32f3xx_ll_i2c.o
 .text.LL_I2C_AcknowledgeNextData
                0x0000000008001158       0x26 ./Drivers/STM32F3xx_HAL_Driver/Src/stm32f3xx_ll_i2c.o
 .text.LL_I2C_Init
                0x000000000800117e       0x78 ./Drivers/STM32F3xx_HAL_Driver/Src/stm32f3xx_ll_i2c.o
                0x000000000800117e                LL_I2C_Init
 *fill*         0x00000000080011f6        0x2 
 .text.LL_InitTick
                0x00000000080011f8       0x34 ./Drivers/STM32F3xx_HAL_Driver/Src/stm32f3xx_ll_utils.o
 .text.LL_Init1msTick
                0x000000000800122c       0x1a ./Drivers/STM32F3xx_HAL_Driver/Src/stm32f3xx_ll_utils.o
                0x000000000800122c                LL_Init1msTick
 *fill*         0x0000000008001246        0x2 
 .text.LL_mDelay
                0x0000000008001248       0x4c ./Drivers/STM32F3xx_HAL_Driver/Src/stm32f3xx_ll_utils.o
                0x0000000008001248                LL_mDelay
 .text.LL_SetSystemCoreClock
                0x0000000008001294       0x20 ./Drivers/STM32F3xx_HAL_Driver/Src/stm32f3xx_ll_utils.o
                0x0000000008001294                LL_SetSystemCoreClock
 .text.__libc_init_array
                0x00000000080012b4       0x48 C:/ST/STM32CubeIDE_1.13.2/STM32CubeIDE/plugins/com.st.stm32cube.ide.mcu.externaltools.gnu-tools-for-stm32.11.3.rel1.win32_1.1.1.202309131626/tools/bin/../lib/gcc/arm-none-eabi/11.3.1/../../../../arm-none-eabi/lib/thumb/v7e-m+fp/hard\libc_nano.a(libc_a-init.o)
                0x00000000080012b4                __libc_init_array
 *(.glue_7)
 .glue_7        0x00000000080012fc        0x0 linker stubs
 *(.glue_7t)
 .glue_7t       0x00000000080012fc        0x0 linker stubs
 *(.eh_frame)
 .eh_frame      0x00000000080012fc        0x0 C:/ST/STM32CubeIDE_1.13.2/STM32CubeIDE/plugins/com.st.stm32cube.ide.mcu.externaltools.gnu-tools-for-stm32.11.3.rel1.win32_1.1.1.202309131626/tools/bin/../lib/gcc/arm-none-eabi/11.3.1/thumb/v7e-m+fp/hard/crtbegin.o
 *(.init)
 .init          0x00000000080012fc        0x4 C:/ST/STM32CubeIDE_1.13.2/STM32CubeIDE/plugins/com.st.stm32cube.ide.mcu.externaltools.gnu-tools-for-stm32.11.3.rel1.win32_1.1.1.202309131626/tools/bin/../lib/gcc/arm-none-eabi/11.3.1/thumb/v7e-m+fp/hard/crti.o
                0x00000000080012fc                _init
 .init          0x0000000008001300        0x8 C:/ST/STM32CubeIDE_1.13.2/STM32CubeIDE/plugins/com.st.stm32cube.ide.mcu.externaltools.gnu-tools-for-stm32.11.3.rel1.win32_1.1.1.202309131626/tools/bin/../lib/gcc/arm-none-eabi/11.3.1/thumb/v7e-m+fp/hard/crtn.o
 *(.fini)
 .fini          0x0000000008001308        0x4 C:/ST/STM32CubeIDE_1.13.2/STM32CubeIDE/plugins/com.st.stm32cube.ide.mcu.externaltools.gnu-tools-for-stm32.11.3.rel1.win32_1.1.1.202309131626/tools/bin/../lib/gcc/arm-none-eabi/11.3.1/thumb/v7e-m+fp/hard/crti.o
                0x0000000008001308                _fini
 .fini          0x000000000800130c        0x8 C:/ST/STM32CubeIDE_1.13.2/STM32CubeIDE/plugins/com.st.stm32cube.ide.mcu.externaltools.gnu-tools-for-stm32.11.3.rel1.win32_1.1.1.202309131626/tools/bin/../lib/gcc/arm-none-eabi/11.3.1/thumb/v7e-m+fp/hard/crtn.o
                0x0000000008001314                . = ALIGN (0x4)
                0x0000000008001314                _etext = .

.vfp11_veneer   0x0000000008001314        0x0
 .vfp11_veneer  0x0000000008001314        0x0 linker stubs

.v4_bx          0x0000000008001314        0x0
 .v4_bx         0x0000000008001314        0x0 linker stubs

.iplt           0x0000000008001314        0x0
 .iplt          0x0000000008001314        0x0 C:/ST/STM32CubeIDE_1.13.2/STM32CubeIDE/plugins/com.st.stm32cube.ide.mcu.externaltools.gnu-tools-for-stm32.11.3.rel1.win32_1.1.1.202309131626/tools/bin/../lib/gcc/arm-none-eabi/11.3.1/thumb/v7e-m+fp/hard/crtbegin.o

.rodata         0x0000000008001314        0x8
                0x0000000008001314                . = ALIGN (0x4)
 *(.rodata)
 *(.rodata*)
 .rodata.CHANNEL_OFFSET_TAB
                0x0000000008001314        0x7 ./Core/Src/stm32f3xx_it.o
                0x000000000800131c                . = ALIGN (0x4)
 *fill*         0x000000000800131b        0x1 

.rel.dyn        0x000000000800131c        0x0
 .rel.iplt      0x000000000800131c        0x0 C:/ST/STM32CubeIDE_1.13.2/STM32CubeIDE/plugins/com.st.stm32cube.ide.mcu.externaltools.gnu-tools-for-stm32.11.3.rel1.win32_1.1.1.202309131626/tools/bin/../lib/gcc/arm-none-eabi/11.3.1/thumb/v7e-m+fp/hard/crtbegin.o

.ARM.extab      0x000000000800131c        0x0
                0x000000000800131c                . = ALIGN (0x4)
 *(.ARM.extab* .gnu.linkonce.armextab.*)
                0x000000000800131c                . = ALIGN (0x4)

.ARM            0x000000000800131c        0x0
                0x000000000800131c                . = ALIGN (0x4)
                0x000000000800131c                __exidx_start = .
 *(.ARM.exidx*)
                0x000000000800131c                __exidx_end = .
                0x000000000800131c                . = ALIGN (0x4)

.preinit_array  0x000000000800131c        0x0
                0x000000000800131c                . = ALIGN (0x4)
                0x000000000800131c                PROVIDE (__preinit_array_start = .)
 *(.preinit_array*)
                0x000000000800131c                PROVIDE (__preinit_array_end = .)
                0x000000000800131c                . = ALIGN (0x4)

.init_array     0x000000000800131c        0x4
                0x000000000800131c                . = ALIGN (0x4)
                0x000000000800131c                PROVIDE (__init_array_start = .)
 *(SORT_BY_NAME(.init_array.*))
 *(.init_array*)
 .init_array    0x000000000800131c        0x4 C:/ST/STM32CubeIDE_1.13.2/STM32CubeIDE/plugins/com.st.stm32cube.ide.mcu.externaltools.gnu-tools-for-stm32.11.3.rel1.win32_1.1.1.202309131626/tools/bin/../lib/gcc/arm-none-eabi/11.3.1/thumb/v7e-m+fp/hard/crtbegin.o
                0x0000000008001320                PROVIDE (__init_array_end = .)
                0x0000000008001320                . = ALIGN (0x4)

.fini_array     0x0000000008001320        0x4
                0x0000000008001320                . = ALIGN (0x4)
                [!provide]                        PROVIDE (__fini_array_start = .)
 *(SORT_BY_NAME(.fini_array.*))
 *(.fini_array*)
 .fini_array    0x0000000008001320        0x4 C:/ST/STM32CubeIDE_1.13.2/STM32CubeIDE/plugins/com.st.stm32cube.ide.mcu.externaltools.gnu-tools-for-stm32.11.3.rel1.win32_1.1.1.202309131626/tools/bin/../lib/gcc/arm-none-eabi/11.3.1/thumb/v7e-m+fp/hard/crtbegin.o
                [!provide]                        PROVIDE (__fini_array_end = .)
                0x0000000008001324                . = ALIGN (0x4)
                0x0000000008001324                _sidata = LOADADDR (.data)

.data           0x0000000020000000        0x4 load address 0x0000000008001324
                0x0000000020000000                . = ALIGN (0x4)
                0x0000000020000000                _sdata = .
 *(.data)
 *(.data*)
 .data.SystemCoreClock
                0x0000000020000000        0x4 ./Core/Src/system_stm32f3xx.o
                0x0000000020000000                SystemCoreClock
 *(.RamFunc)
 *(.RamFunc*)
                0x0000000020000004                . = ALIGN (0x4)
                0x0000000020000004                _edata = .
                0x0000000008001328                _siccmram = LOADADDR (.ccmram)

.igot.plt       0x0000000020000004        0x0 load address 0x0000000008001328
 .igot.plt      0x0000000020000004        0x0 C:/ST/STM32CubeIDE_1.13.2/STM32CubeIDE/plugins/com.st.stm32cube.ide.mcu.externaltools.gnu-tools-for-stm32.11.3.rel1.win32_1.1.1.202309131626/tools/bin/../lib/gcc/arm-none-eabi/11.3.1/thumb/v7e-m+fp/hard/crtbegin.o

.ccmram         0x0000000010000000        0x0 load address 0x0000000008001328
                0x0000000010000000                . = ALIGN (0x4)
                0x0000000010000000                _sccmram = .
 *(.ccmram)
 *(.ccmram*)
                0x0000000010000000                . = ALIGN (0x4)
                0x0000000010000000                _eccmram = .
                0x0000000010000000                . = ALIGN (0x4)

.bss            0x0000000020000004       0x20
                0x0000000020000004                _sbss = .
                0x0000000020000004                __bss_start__ = _sbss
 *(.bss)
 .bss           0x0000000020000004       0x1c C:/ST/STM32CubeIDE_1.13.2/STM32CubeIDE/plugins/com.st.stm32cube.ide.mcu.externaltools.gnu-tools-for-stm32.11.3.rel1.win32_1.1.1.202309131626/tools/bin/../lib/gcc/arm-none-eabi/11.3.1/thumb/v7e-m+fp/hard/crtbegin.o
 *(.bss*)
 .bss.i2c_rx_data
                0x0000000020000020        0x1 ./Core/Src/i2c.o
                0x0000000020000020                i2c_rx_data
 *(COMMON)
                0x0000000020000024                . = ALIGN (0x4)
 *fill*         0x0000000020000021        0x3 
                0x0000000020000024                _ebss = .
                0x0000000020000024                __bss_end__ = _ebss

._user_heap_stack
                0x0000000020000024      0x604
                0x0000000020000028                . = ALIGN (0x8)
 *fill*         0x0000000020000024        0x4 
                [!provide]                        PROVIDE (end = .)
                0x0000000020000028                PROVIDE (_end = .)
                0x0000000020000228                . = (. + _Min_Heap_Size)
 *fill*         0x0000000020000028      0x200 
                0x0000000020000628                . = (. + _Min_Stack_Size)
 *fill*         0x0000000020000228      0x400 
                0x0000000020000628                . = ALIGN (0x8)

/DISCARD/
 libc.a(*)
 libm.a(*)
 libgcc.a(*)

.ARM.attributes
                0x0000000000000000       0x30
 *(.ARM.attributes)
 .ARM.attributes
                0x0000000000000000       0x1e C:/ST/STM32CubeIDE_1.13.2/STM32CubeIDE/plugins/com.st.stm32cube.ide.mcu.externaltools.gnu-tools-for-stm32.11.3.rel1.win32_1.1.1.202309131626/tools/bin/../lib/gcc/arm-none-eabi/11.3.1/thumb/v7e-m+fp/hard/crti.o
 .ARM.attributes
                0x000000000000001e       0x34 C:/ST/STM32CubeIDE_1.13.2/STM32CubeIDE/plugins/com.st.stm32cube.ide.mcu.externaltools.gnu-tools-for-stm32.11.3.rel1.win32_1.1.1.202309131626/tools/bin/../lib/gcc/arm-none-eabi/11.3.1/thumb/v7e-m+fp/hard/crtbegin.o
 .ARM.attributes
                0x0000000000000052       0x34 ./Core/Src/gpio.o
 .ARM.attributes
                0x0000000000000086       0x34 ./Core/Src/i2c.o
 .ARM.attributes
                0x00000000000000ba       0x34 ./Core/Src/main.o
 .ARM.attributes
                0x00000000000000ee       0x34 ./Core/Src/stm32f3xx_it.o
 .ARM.attributes
                0x0000000000000122       0x34 ./Core/Src/system_stm32f3xx.o
 .ARM.attributes
                0x0000000000000156       0x21 ./Core/Startup/startup_stm32f303k8tx.o
 .ARM.attributes
                0x0000000000000177       0x34 ./Drivers/STM32F3xx_HAL_Driver/Src/stm32f3xx_ll_gpio.o
 .ARM.attributes
                0x00000000000001ab       0x34 ./Drivers/STM32F3xx_HAL_Driver/Src/stm32f3xx_ll_i2c.o
 .ARM.attributes
                0x00000000000001df       0x34 ./Drivers/STM32F3xx_HAL_Driver/Src/stm32f3xx_ll_utils.o
 .ARM.attributes
                0x0000000000000213       0x34 C:/ST/STM32CubeIDE_1.13.2/STM32CubeIDE/plugins/com.st.stm32cube.ide.mcu.externaltools.gnu-tools-for-stm32.11.3.rel1.win32_1.1.1.202309131626/tools/bin/../lib/gcc/arm-none-eabi/11.3.1/../../../../arm-none-eabi/lib/thumb/v7e-m+fp/hard\libc_nano.a(libc_a-init.o)
 .ARM.attributes
                0x0000000000000247       0x1e C:/ST/STM32CubeIDE_1.13.2/STM32CubeIDE/plugins/com.st.stm32cube.ide.mcu.externaltools.gnu-tools-for-stm32.11.3.rel1.win32_1.1.1.202309131626/tools/bin/../lib/gcc/arm-none-eabi/11.3.1/thumb/v7e-m+fp/hard/crtn.o
OUTPUT(vrs_cvicenie_6.elf elf32-littlearm)
LOAD linker stubs
LOAD C:/ST/STM32CubeIDE_1.13.2/STM32CubeIDE/plugins/com.st.stm32cube.ide.mcu.externaltools.gnu-tools-for-stm32.11.3.rel1.win32_1.1.1.202309131626/tools/bin/../lib/gcc/arm-none-eabi/11.3.1/../../../../arm-none-eabi/lib/thumb/v7e-m+fp/hard\libc.a
LOAD C:/ST/STM32CubeIDE_1.13.2/STM32CubeIDE/plugins/com.st.stm32cube.ide.mcu.externaltools.gnu-tools-for-stm32.11.3.rel1.win32_1.1.1.202309131626/tools/bin/../lib/gcc/arm-none-eabi/11.3.1/../../../../arm-none-eabi/lib/thumb/v7e-m+fp/hard\libm.a
LOAD C:/ST/STM32CubeIDE_1.13.2/STM32CubeIDE/plugins/com.st.stm32cube.ide.mcu.externaltools.gnu-tools-for-stm32.11.3.rel1.win32_1.1.1.202309131626/tools/bin/../lib/gcc/arm-none-eabi/11.3.1/thumb/v7e-m+fp/hard\libgcc.a

.comment        0x0000000000000000       0x43
 .comment       0x0000000000000000       0x43 C:/ST/STM32CubeIDE_1.13.2/STM32CubeIDE/plugins/com.st.stm32cube.ide.mcu.externaltools.gnu-tools-for-stm32.11.3.rel1.win32_1.1.1.202309131626/tools/bin/../lib/gcc/arm-none-eabi/11.3.1/thumb/v7e-m+fp/hard/crtbegin.o
                                         0x44 (size before relaxing)
 .comment       0x0000000000000043       0x44 ./Core/Src/gpio.o
 .comment       0x0000000000000043       0x44 ./Core/Src/i2c.o
 .comment       0x0000000000000043       0x44 ./Core/Src/main.o
 .comment       0x0000000000000043       0x44 ./Core/Src/stm32f3xx_it.o
 .comment       0x0000000000000043       0x44 ./Core/Src/system_stm32f3xx.o
 .comment       0x0000000000000043       0x44 ./Drivers/STM32F3xx_HAL_Driver/Src/stm32f3xx_ll_gpio.o
 .comment       0x0000000000000043       0x44 ./Drivers/STM32F3xx_HAL_Driver/Src/stm32f3xx_ll_i2c.o
 .comment       0x0000000000000043       0x44 ./Drivers/STM32F3xx_HAL_Driver/Src/stm32f3xx_ll_utils.o

.debug_info     0x0000000000000000     0x34f8
 .debug_info    0x0000000000000000      0x369 ./Core/Src/gpio.o
 .debug_info    0x0000000000000369      0xd8b ./Core/Src/i2c.o
 .debug_info    0x00000000000010f4      0x816 ./Core/Src/main.o
 .debug_info    0x000000000000190a      0x39c ./Core/Src/stm32f3xx_it.o
 .debug_info    0x0000000000001ca6      0x407 ./Core/Src/system_stm32f3xx.o
 .debug_info    0x00000000000020ad       0x23 ./Core/Startup/startup_stm32f303k8tx.o
 .debug_info    0x00000000000020d0      0x6ee ./Drivers/STM32F3xx_HAL_Driver/Src/stm32f3xx_ll_gpio.o
 .debug_info    0x00000000000027be      0x530 ./Drivers/STM32F3xx_HAL_Driver/Src/stm32f3xx_ll_i2c.o
 .debug_info    0x0000000000002cee      0x80a ./Drivers/STM32F3xx_HAL_Driver/Src/stm32f3xx_ll_utils.o

.debug_abbrev   0x0000000000000000      0xed3
 .debug_abbrev  0x0000000000000000      0x189 ./Core/Src/gpio.o
 .debug_abbrev  0x0000000000000189      0x252 ./Core/Src/i2c.o
 .debug_abbrev  0x00000000000003db      0x20b ./Core/Src/main.o
 .debug_abbrev  0x00000000000005e6      0x173 ./Core/Src/stm32f3xx_it.o
 .debug_abbrev  0x0000000000000759      0x11a ./Core/Src/system_stm32f3xx.o
 .debug_abbrev  0x0000000000000873       0x12 ./Core/Startup/startup_stm32f303k8tx.o
 .debug_abbrev  0x0000000000000885      0x21e ./Drivers/STM32F3xx_HAL_Driver/Src/stm32f3xx_ll_gpio.o
 .debug_abbrev  0x0000000000000aa3      0x177 ./Drivers/STM32F3xx_HAL_Driver/Src/stm32f3xx_ll_i2c.o
 .debug_abbrev  0x0000000000000c1a      0x2b9 ./Drivers/STM32F3xx_HAL_Driver/Src/stm32f3xx_ll_utils.o

.debug_aranges  0x0000000000000000      0x488
 .debug_aranges
                0x0000000000000000       0x38 ./Core/Src/gpio.o
 .debug_aranges
                0x0000000000000038       0xe0 ./Core/Src/i2c.o
 .debug_aranges
                0x0000000000000118       0xb0 ./Core/Src/main.o
 .debug_aranges
                0x00000000000001c8       0x88 ./Core/Src/stm32f3xx_it.o
 .debug_aranges
                0x0000000000000250       0x28 ./Core/Src/system_stm32f3xx.o
 .debug_aranges
                0x0000000000000278       0x28 ./Core/Startup/startup_stm32f303k8tx.o
 .debug_aranges
                0x00000000000002a0       0x70 ./Drivers/STM32F3xx_HAL_Driver/Src/stm32f3xx_ll_gpio.o
 .debug_aranges
                0x0000000000000310       0x88 ./Drivers/STM32F3xx_HAL_Driver/Src/stm32f3xx_ll_i2c.o
 .debug_aranges
                0x0000000000000398       0xf0 ./Drivers/STM32F3xx_HAL_Driver/Src/stm32f3xx_ll_utils.o

.debug_rnglists
                0x0000000000000000      0x341
 .debug_rnglists
                0x0000000000000000       0x25 ./Core/Src/gpio.o
 .debug_rnglists
                0x0000000000000025       0xa5 ./Core/Src/i2c.o
 .debug_rnglists
                0x00000000000000ca       0x7f ./Core/Src/main.o
 .debug_rnglists
                0x0000000000000149       0x61 ./Core/Src/stm32f3xx_it.o
 .debug_rnglists
                0x00000000000001aa       0x1a ./Core/Src/system_stm32f3xx.o
 .debug_rnglists
                0x00000000000001c4       0x19 ./Core/Startup/startup_stm32f303k8tx.o
 .debug_rnglists
                0x00000000000001dd       0x51 ./Drivers/STM32F3xx_HAL_Driver/Src/stm32f3xx_ll_gpio.o
 .debug_rnglists
                0x000000000000022e       0x61 ./Drivers/STM32F3xx_HAL_Driver/Src/stm32f3xx_ll_i2c.o
 .debug_rnglists
                0x000000000000028f       0xb2 ./Drivers/STM32F3xx_HAL_Driver/Src/stm32f3xx_ll_utils.o

.debug_macro    0x0000000000000000     0x137d
 .debug_macro   0x0000000000000000      0x219 ./Core/Src/gpio.o
 .debug_macro   0x0000000000000219      0x219 ./Core/Src/i2c.o
 .debug_macro   0x0000000000000432      0x239 ./Core/Src/main.o
 .debug_macro   0x000000000000066b      0x219 ./Core/Src/stm32f3xx_it.o
 .debug_macro   0x0000000000000884      0x19d ./Core/Src/system_stm32f3xx.o
 .debug_macro   0x0000000000000a21      0x1df ./Drivers/STM32F3xx_HAL_Driver/Src/stm32f3xx_ll_gpio.o
 .debug_macro   0x0000000000000c00      0x13c ./Drivers/STM32F3xx_HAL_Driver/Src/stm32f3xx_ll_gpio.o
 .debug_macro   0x0000000000000d3c      0x1df ./Drivers/STM32F3xx_HAL_Driver/Src/stm32f3xx_ll_i2c.o
 .debug_macro   0x0000000000000f1b      0x247 ./Drivers/STM32F3xx_HAL_Driver/Src/stm32f3xx_ll_i2c.o
 .debug_macro   0x0000000000001162      0x21b ./Drivers/STM32F3xx_HAL_Driver/Src/stm32f3xx_ll_utils.o

.debug_line     0x0000000000000000     0x4ddd
 .debug_line    0x0000000000000000      0x87b ./Core/Src/gpio.o
 .debug_line    0x000000000000087b      0xba8 ./Core/Src/i2c.o
 .debug_line    0x0000000000001423      0xa58 ./Core/Src/main.o
 .debug_line    0x0000000000001e7b      0x973 ./Core/Src/stm32f3xx_it.o
 .debug_line    0x00000000000027ee      0x775 ./Core/Src/system_stm32f3xx.o
 .debug_line    0x0000000000002f63       0x7a ./Core/Startup/startup_stm32f303k8tx.o
 .debug_line    0x0000000000002fdd      0x9b3 ./Drivers/STM32F3xx_HAL_Driver/Src/stm32f3xx_ll_gpio.o
 .debug_line    0x0000000000003990      0x8c2 ./Drivers/STM32F3xx_HAL_Driver/Src/stm32f3xx_ll_i2c.o
 .debug_line    0x0000000000004252      0xb8b ./Drivers/STM32F3xx_HAL_Driver/Src/stm32f3xx_ll_utils.o

.debug_str      0x0000000000000000    0x9b730
 .debug_str     0x0000000000000000    0x99546 ./Core/Src/gpio.o
                                      0x99b07 (size before relaxing)
 .debug_str     0x0000000000099546      0x697 ./Core/Src/i2c.o
                                      0x9a286 (size before relaxing)
 .debug_str     0x0000000000099bdd      0x242 ./Core/Src/main.o
                                      0x99dea (size before relaxing)
 .debug_str     0x0000000000099e1f      0x1a0 ./Core/Src/stm32f3xx_it.o
                                      0x99ba0 (size before relaxing)
 .debug_str     0x0000000000099fbf       0x7b ./Core/Src/system_stm32f3xx.o
                                      0x9121e (size before relaxing)
 .debug_str     0x000000000009a03a       0x34 ./Core/Startup/startup_stm32f303k8tx.o
                                         0x6c (size before relaxing)
 .debug_str     0x000000000009a06e      0x60d ./Drivers/STM32F3xx_HAL_Driver/Src/stm32f3xx_ll_gpio.o
                                      0x92537 (size before relaxing)
 .debug_str     0x000000000009a67b      0x3e1 ./Drivers/STM32F3xx_HAL_Driver/Src/stm32f3xx_ll_i2c.o
                                      0x92b87 (size before relaxing)
 .debug_str     0x000000000009aa5c      0xcd4 ./Drivers/STM32F3xx_HAL_Driver/Src/stm32f3xx_ll_utils.o
                                      0x96227 (size before relaxing)

.debug_frame    0x0000000000000000     0x1170
 .debug_frame   0x0000000000000000       0xa4 ./Core/Src/gpio.o
 .debug_frame   0x00000000000000a4      0x3e0 ./Core/Src/i2c.o
 .debug_frame   0x0000000000000484      0x2c8 ./Core/Src/main.o
 .debug_frame   0x000000000000074c      0x1cc ./Core/Src/stm32f3xx_it.o
 .debug_frame   0x0000000000000918       0x58 ./Core/Src/system_stm32f3xx.o
 .debug_frame   0x0000000000000970      0x1c0 ./Drivers/STM32F3xx_HAL_Driver/Src/stm32f3xx_ll_gpio.o
 .debug_frame   0x0000000000000b30      0x238 ./Drivers/STM32F3xx_HAL_Driver/Src/stm32f3xx_ll_i2c.o
 .debug_frame   0x0000000000000d68      0x3dc ./Drivers/STM32F3xx_HAL_Driver/Src/stm32f3xx_ll_utils.o
 .debug_frame   0x0000000000001144       0x2c C:/ST/STM32CubeIDE_1.13.2/STM32CubeIDE/plugins/com.st.stm32cube.ide.mcu.externaltools.gnu-tools-for-stm32.11.3.rel1.win32_1.1.1.202309131626/tools/bin/../lib/gcc/arm-none-eabi/11.3.1/../../../../arm-none-eabi/lib/thumb/v7e-m+fp/hard\libc_nano.a(libc_a-init.o)

.debug_line_str
                0x0000000000000000       0x60
 .debug_line_str
                0x0000000000000000       0x60 ./Core/Startup/startup_stm32f303k8tx.o
                                         0x78 (size before relaxing)
